[2025-12-06 09:54:18] [INFO] Starting EnterpriseOS...
[2025-12-06 09:54:18] [INFO] All services initialized.
[2025-12-06 09:54:18] [INFO] Starting HTTP server on port 8080...
[2025-12-06 10:01:50] [INFO] Starting EnterpriseOS...
[2025-12-06 10:01:50] [INFO] All services initialized.
[2025-12-06 10:01:50] [INFO] Starting HTTP server on port 8080
[2025-12-06 10:14:56] [INFO] Starting EnterpriseOS...
[2025-12-06 10:14:56] [INFO] All services initialized.
[2025-12-06 10:18:31] [INFO] Starting EnterpriseOS...
[2025-12-06 10:21:20] [INFO] Starting EnterpriseOS...
[2025-12-06 10:21:20] [INFO] All services initialized.
[2025-12-06 10:21:20] [INFO] Starting HTTP server on port 8080
[2025-12-06 10:21:20] [INFO] Sent test message.
[2025-12-06 10:21:20] [INFO] Received test message: Hello, world!
[2025-12-06 10:30:17] [INFO] Starting EnterpriseOS...
[2025-12-06 10:30:17] [ERROR] Connection to database failed: connection to server at "localhost" (::1), port 5432 failed: Connection refused
	Is the server running on that host and accepting TCP/IP connections?
connection to server at "localhost" (127.0.0.1), port 5432 failed: Connection refused
	Is the server running on that host and accepting TCP/IP connections?

[2025-12-06 10:30:17] [INFO] All services initialized.
[2025-12-06 10:30:17] [INFO] Starting HTTP server on port 8080
